// Jest Snapshot v1, https://goo.gl/fbAQLP

exports[`Renders 1`] = `
<div
  className="app"
>
  <header
    className="menu"
  >
    <h1
      className="menu__title"
    >
      MyApp
    </h1>
    <button
      aria-label="Open and close menu"
      className="menu__icon"
      onClick={[Function]}
      type="button"
    >
      <svg
        fill="currentColor"
        height="1em"
        stroke="currentColor"
        strokeWidth="0"
        style={
          Object {
            "color": undefined,
          }
        }
        viewBox="0 0 24 24"
        width="1em"
        xmlns="http://www.w3.org/2000/svg"
      >
        <path
          d="M3 18h18v-2H3v2zm0-5h18v-2H3v2zm0-7v2h18V6H3z"
        />
      </svg>
    </button>
    <ul
      className="menu__links"
    >
      <li>
        <button
          onClick={[Function]}
          type="button"
        >
          <svg
            fill="currentColor"
            height="1em"
            stroke="currentColor"
            strokeWidth="0"
            style={
              Object {
                "color": undefined,
              }
            }
            viewBox="0 0 24 24"
            width="1em"
            xmlns="http://www.w3.org/2000/svg"
          >
            <path
              d="M15.41 16.09l-4.58-4.59 4.58-4.59L14 5.5l-6 6 6 6z"
            />
          </svg>
        </button>
      </li>
      <li>
        <a
          href="#/"
          onClick={[Function]}
        >
          Home
        </a>
      </li>
      <li>
        <a
          href="#/about"
          onClick={[Function]}
        >
          About
        </a>
      </li>
    </ul>
  </header>
  <div
    className="menu_overlay--hidden"
    onClick={[Function]}
    role="button"
  />
  <div
    className="app__content"
  >
    <div
      className="home"
    >
      <h3>
        Welcome to your new React-Boilerplate project!
      </h3>
      <p>
        To learn more about the capabilities of React-Boilerpalte go to the documentation on github.
      </p>
    </div>
  </div>
</div>
`;
